=== Bayesian Optimization Progress Log ===
Started: 2025-10-26 22:53:17

[INFO] Bayesian optimization: 22 iterations (7 initial + 15 Bayesian)
Optimizing: Macro F1 score via 5-fold CV


[22:53:17] Starting Iteration  1/22...
  5-Fold CV (parallel): Done (41.7s)

  ✓ CV Results (5-fold average):
    Validation: mlogloss=0.4188 | Acc=84.86%% | MacroF1=0.6730
    Training:   mlogloss=0.1346 | Acc=86.36%% | MacroF1=0.7715
    Overfitting gap: Acc=1.5%% | F1=9.9%%
    Class diversity: 13/13 classes predicted | Recall range: [9.17%, 100.00%]
    Majority class: 50.4%% of predictions
  Time: Iter=41.7s | Total=00:41 | ETA=14:41

[22:53:59] Starting Iteration  2/22...
  5-Fold CV (parallel): Done (55.6s)

  ✓ CV Results (5-fold average):
    Validation: mlogloss=0.4296 | Acc=84.76%% | MacroF1=0.6767
    Training:   mlogloss=0.1424 | Acc=86.47%% | MacroF1=0.7795
    Overfitting gap: Acc=1.7%% | F1=10.3%%
    Class diversity: 13/13 classes predicted | Recall range: [14.17%, 100.00%]
    Majority class: 50.5%% of predictions
  Time: Iter=55.6s | Total=01:37 | ETA=16:16

[22:54:55] Starting Iteration  3/22...
  5-Fold CV (parallel): Done (72.8s)

  ✓ CV Results (5-fold average):
    Validation: mlogloss=0.4813 | Acc=85.42%% | MacroF1=0.6725
    Training:   mlogloss=0.1965 | Acc=87.25%% | MacroF1=0.7832
    Overfitting gap: Acc=1.8%% | F1=11.1%%
    Class diversity: 13/13 classes predicted | Recall range: [9.44%, 100.00%]
    Majority class: 50.8%% of predictions
  Time: Iter=72.8s | Total=02:50 | ETA=17:59

[22:56:08] Starting Iteration  4/22...
  5-Fold CV (parallel): Done (48.6s)

  ✓ CV Results (5-fold average):
    Validation: mlogloss=0.2859 | Acc=89.27%% | MacroF1=0.7243
    Training:   mlogloss=0.0496 | Acc=93.27%% | MacroF1=0.9105
    Overfitting gap: Acc=4.0%% | F1=18.6%%
    Class diversity: 13/13 classes predicted | Recall range: [9.17%, 100.00%]
    Majority class: 54.5%% of predictions
  Time: Iter=48.6s | Total=03:39 | ETA=16:26

[22:56:56] Starting Iteration  5/22...
  5-Fold CV (parallel): Done (63.0s)

  ✓ CV Results (5-fold average):
    Validation: mlogloss=0.3794 | Acc=86.27%% | MacroF1=0.6921
    Training:   mlogloss=0.1143 | Acc=88.10%% | MacroF1=0.8259
    Overfitting gap: Acc=1.8%% | F1=13.4%%
    Class diversity: 13/13 classes predicted | Recall range: [6.94%, 100.00%]
    Majority class: 51.3%% of predictions
  Time: Iter=63.0s | Total=04:42 | ETA=15:59

[22:57:59] Starting Iteration  6/22...
  5-Fold CV (parallel): Done (36.8s)

  ✓ CV Results (5-fold average):
    Validation: mlogloss=0.2455 | Acc=90.75%% | MacroF1=0.7427
    Training:   mlogloss=0.0339 | Acc=96.06%% | MacroF1=0.9475
    Overfitting gap: Acc=5.3%% | F1=20.5%%
    Class diversity: 13/13 classes predicted | Recall range: [13.61%, 100.00%]
    Majority class: 55.5%% of predictions
  Time: Iter=36.9s | Total=05:19 | ETA=14:11

[22:58:36] Starting Iteration  7/22...
  5-Fold CV (parallel): Done (46.3s)

  ✓ CV Results (5-fold average):
    Validation: mlogloss=0.3546 | Acc=86.88%% | MacroF1=0.7061
    Training:   mlogloss=0.1002 | Acc=88.94%% | MacroF1=0.8393
    Overfitting gap: Acc=2.1%% | F1=13.3%%
    Class diversity: 13/13 classes predicted | Recall range: [11.39%, 100.00%]
    Majority class: 52.0%% of predictions
  Time: Iter=46.3s | Total=06:05 | ETA=13:03

[22:59:32] Starting Iteration  8/22...
  5-Fold CV (parallel): Done (39.0s)

  ✓ CV Results (5-fold average):
    Validation: mlogloss=2.3658 | Acc=70.45%% | MacroF1=0.5795
    Training:   mlogloss=2.2394 | Acc=70.84%% | MacroF1=0.6285
    Overfitting gap: Acc=0.4%% | F1=4.9%%
    Class diversity: 13/13 classes predicted | Recall range: [15.00%, 100.00%]
    Majority class: 37.2%% of predictions
  Time: Iter=39.0s | Total=06:53 | ETA=12:03

[23:00:35] Starting Iteration  9/22...
  5-Fold CV (parallel): Done (20.6s)

  ✓ CV Results (5-fold average):
    Validation: mlogloss=2.4000 | Acc=70.03%% | MacroF1=0.5145
    Training:   mlogloss=2.2669 | Acc=70.48%% | MacroF1=0.5425
    Overfitting gap: Acc=0.4%% | F1=2.8%%
    Class diversity: 13/13 classes predicted | Recall range: [10.78%, 100.00%]
    Majority class: 37.0%% of predictions
  Time: Iter=20.6s | Total=07:39 | ETA=11:03

[23:01:11] Starting Iteration 10/22...
  5-Fold CV (parallel): Done (35.5s)

  ✓ CV Results (5-fold average):
    Validation: mlogloss=0.2002 | Acc=93.09%% | MacroF1=0.7520
    Training:   mlogloss=0.0045 | Acc=99.82%% | MacroF1=0.9954
    Overfitting gap: Acc=6.7%% | F1=24.3%%
    Class diversity: 13/13 classes predicted | Recall range: [5.00%, 100.00%]
    Majority class: 57.9%% of predictions
  Time: Iter=35.5s | Total=08:29 | ETA=10:10

[23:02:01] Starting Iteration 11/22...
  5-Fold CV (parallel): Done (39.6s)

  ✓ CV Results (5-fold average):
    Validation: mlogloss=0.2849 | Acc=89.55%% | MacroF1=0.7225
    Training:   mlogloss=0.0447 | Acc=94.54%% | MacroF1=0.9062
    Overfitting gap: Acc=5.0%% | F1=18.4%%
    Class diversity: 13/13 classes predicted | Recall range: [16.11%, 100.00%]
    Majority class: 54.8%% of predictions
  Time: Iter=39.6s | Total=09:23 | ETA=09:23

[23:02:55] Starting Iteration 12/22...
  5-Fold CV (parallel): Done (23.8s)

  ✓ CV Results (5-fold average):
    Validation: mlogloss=0.1997 | Acc=93.01%% | MacroF1=0.7594
    Training:   mlogloss=0.0051 | Acc=99.75%% | MacroF1=0.9951
    Overfitting gap: Acc=6.7%% | F1=23.6%%
    Class diversity: 12/13 classes predicted | Recall range: [5.00%, 100.00%]
    Majority class: 57.9%% of predictions
  Time: Iter=23.8s | Total=10:01 | ETA=08:21

[23:03:31] Starting Iteration 13/22...
  5-Fold CV (parallel): Done (22.8s)

  ✓ CV Results (5-fold average):
    Validation: mlogloss=0.2391 | Acc=91.19%% | MacroF1=0.7321
    Training:   mlogloss=0.0245 | Acc=97.43%% | MacroF1=0.9542
    Overfitting gap: Acc=6.2%% | F1=22.2%%
    Class diversity: 13/13 classes predicted | Recall range: [6.94%, 100.00%]
    Majority class: 56.1%% of predictions
  Time: Iter=22.8s | Total=10:36 | ETA=07:20

[23:04:08] Starting Iteration 14/22...
  5-Fold CV (parallel): Done (21.6s)

  ✓ CV Results (5-fold average):
    Validation: mlogloss=0.2460 | Acc=91.06%% | MacroF1=0.7312
    Training:   mlogloss=0.0105 | Acc=98.89%% | MacroF1=0.9870
    Overfitting gap: Acc=7.8%% | F1=25.6%%
    Class diversity: 12/13 classes predicted | Recall range: [9.17%, 100.00%]
    Majority class: 57.5%% of predictions
  Time: Iter=21.6s | Total=11:12 | ETA=06:24

[23:04:44] Starting Iteration 15/22...
  5-Fold CV (parallel): Done (36.3s)

  ✓ CV Results (5-fold average):
    Validation: mlogloss=2.2782 | Acc=85.31%% | MacroF1=0.6680
    Training:   mlogloss=2.1516 | Acc=87.49%% | MacroF1=0.7942
    Overfitting gap: Acc=2.2%% | F1=12.6%%
    Class diversity: 13/13 classes predicted | Recall range: [5.00%, 100.00%]
    Majority class: 50.8%% of predictions
  Time: Iter=36.3s | Total=12:03 | ETA=05:37

[23:05:34] Starting Iteration 16/22...
  5-Fold CV (parallel): Done (42.2s)

  ✓ CV Results (5-fold average):
    Validation: mlogloss=0.4500 | Acc=84.60%% | MacroF1=0.6524
    Training:   mlogloss=0.1424 | Acc=86.48%% | MacroF1=0.7715
    Overfitting gap: Acc=1.9%% | F1=11.9%%
    Class diversity: 13/13 classes predicted | Recall range: [16.67%, 100.00%]
    Majority class: 50.8%% of predictions
  Time: Iter=42.2s | Total=12:59 | ETA=04:52

[23:06:33] Starting Iteration 17/22...
  5-Fold CV (parallel): Done (55.9s)

  ✓ CV Results (5-fold average):
    Validation: mlogloss=0.2177 | Acc=91.99%% | MacroF1=0.7541
    Training:   mlogloss=0.0211 | Acc=97.91%% | MacroF1=0.9620
    Overfitting gap: Acc=5.9%% | F1=20.8%%
    Class diversity: 13/13 classes predicted | Recall range: [6.94%, 100.00%]
    Majority class: 56.6%% of predictions
  Time: Iter=55.9s | Total=14:11 | ETA=04:10

[23:07:43] Starting Iteration 18/22...
  5-Fold CV (parallel): Done (43.0s)

  ✓ CV Results (5-fold average):
    Validation: mlogloss=0.1939 | Acc=93.18%% | MacroF1=0.7640
    Training:   mlogloss=0.0067 | Acc=99.66%% | MacroF1=0.9949
    Overfitting gap: Acc=6.5%% | F1=23.1%%
    Class diversity: 13/13 classes predicted | Recall range: [0.00%, 100.00%]
    Majority class: 57.7%% of predictions
  Time: Iter=43.0s | Total=15:08 | ETA=03:21

[23:08:42] Starting Iteration 19/22...
  5-Fold CV (parallel): Done (45.4s)

  ✓ CV Results (5-fold average):
    Validation: mlogloss=0.2411 | Acc=90.98%% | MacroF1=0.7448
    Training:   mlogloss=0.0340 | Acc=96.06%% | MacroF1=0.9257
    Overfitting gap: Acc=5.1%% | F1=18.1%%
    Class diversity: 13/13 classes predicted | Recall range: [9.17%, 100.00%]
    Majority class: 55.4%% of predictions
  Time: Iter=45.4s | Total=16:09 | ETA=02:33

[23:09:39] Starting Iteration 20/22...
  5-Fold CV (parallel): Done (50.0s)

  ✓ CV Results (5-fold average):
    Validation: mlogloss=0.2167 | Acc=92.10%% | MacroF1=0.7611
    Training:   mlogloss=0.0138 | Acc=98.69%% | MacroF1=0.9813
    Overfitting gap: Acc=6.6%% | F1=22.0%%
    Class diversity: 13/13 classes predicted | Recall range: [11.67%, 100.00%]
    Majority class: 56.9%% of predictions
  Time: Iter=50.0s | Total=17:12 | ETA=01:43

[23:10:42] Starting Iteration 21/22...
  5-Fold CV (parallel): Done (66.4s)

  ✓ CV Results (5-fold average):
    Validation: mlogloss=0.3195 | Acc=88.09%% | MacroF1=0.6987
    Training:   mlogloss=0.0775 | Acc=90.63%% | MacroF1=0.8614
    Overfitting gap: Acc=2.5%% | F1=16.3%%
    Class diversity: 13/13 classes predicted | Recall range: [4.72%, 100.00%]
    Majority class: 52.7%% of predictions
  Time: Iter=66.4s | Total=18:30 | ETA=00:52

[23:12:05] Starting Iteration 22/22...
  5-Fold CV (parallel): Done (47.4s)

  ✓ CV Results (5-fold average):
    Validation: mlogloss=0.2805 | Acc=89.45%% | MacroF1=0.7221
    Training:   mlogloss=0.0571 | Acc=93.59%% | MacroF1=0.8987
    Overfitting gap: Acc=4.1%% | F1=17.7%%
    Class diversity: 13/13 classes predicted | Recall range: [13.61%, 100.00%]
    Majority class: 54.5%% of predictions
  Time: Iter=47.4s | Total=19:35 | ETA=00:00

=== OPTIMIZATION COMPLETE ===
Best iteration: 18/22
Best Macro F1: 0.7640
Best params: depth=7, eta=0.3134, subsample=1.00, colsample=0.83, child_wt=1.0, gamma=0.00

=== TEST SET PERFORMANCE ===
Test Accuracy: 0.9357
Test Precision (Macro): 0.8360
Test Recall (Macro): 0.8558
Test Macro F1: 0.8298
Optimization time: 1191.1 sec (19.9 min)

[23:16:48] Complete! Total time: 4.7 sec (0.1 min)



=== TEST SET PERFORMANCE ===
Test Accuracy: 0.9357
Test Precision (Macro): 0.8360
Test Recall (Macro): 0.8558
Test Macro F1: 0.8298
Evaluation time: 2.4 sec (0.0 min) [loaded from cache]

[04:52:21] Complete! Total time: 2.4 sec (0.0 min)
